exports[`test App renders correctly 1`] = `
<div
  className="App">
  12:15
  <div
    className="App-header">
    <img
      alt="logo"
      className="App-logo"
      src="logo.svg" />
    <h2>
      Welcome to React
    </h2>
  </div>
  <p
    className="app-intro">
    To get started, edit 
    <code>
      src/App.js
    </code>
     and save to reload.
  </p>
</div>
`;
